{
  "version": "1.5.0",
  "plugins_used": [
    {
      "name": "ArtifactoryDetector"
    },
    {
      "name": "AWSKeyDetector"
    },
    {
      "name": "AzureStorageKeyDetector"
    },
    {
      "name": "Base64HighEntropyString",
      "limit": 4.5
    },
    {
      "name": "BasicAuthDetector"
    },
    {
      "name": "CloudantDetector"
    },
    {
      "name": "DiscordBotTokenDetector"
    },
    {
      "name": "GitHubTokenDetector"
    },
    {
      "name": "GitLabTokenDetector"
    },
    {
      "name": "HexHighEntropyString",
      "limit": 3.0
    },
    {
      "name": "IbmCloudIamDetector"
    },
    {
      "name": "IbmCosHmacDetector"
    },
    {
      "name": "IPPublicDetector"
    },
    {
      "name": "JwtTokenDetector"
    },
    {
      "name": "KeywordDetector",
      "keyword_exclude": ""
    },
    {
      "name": "MailchimpDetector"
    },
    {
      "name": "NpmDetector"
    },
    {
      "name": "OpenAIDetector"
    },
    {
      "name": "PrivateKeyDetector"
    },
    {
      "name": "PypiTokenDetector"
    },
    {
      "name": "SendGridDetector"
    },
    {
      "name": "SlackDetector"
    },
    {
      "name": "SoftlayerDetector"
    },
    {
      "name": "SquareOAuthDetector"
    },
    {
      "name": "StripeDetector"
    },
    {
      "name": "TelegramBotTokenDetector"
    },
    {
      "name": "TwilioKeyDetector"
    }
  ],
  "filters_used": [
    {
      "path": "detect_secrets.filters.allowlist.is_line_allowlisted"
    },
    {
      "path": "detect_secrets.filters.heuristic.is_indirect_reference"
    },
    {
      "path": "detect_secrets.filters.heuristic.is_likely_id_string"
    },
    {
      "path": "detect_secrets.filters.heuristic.is_lock_file"
    },
    {
      "path": "detect_secrets.filters.heuristic.is_not_alphanumeric_string"
    },
    {
      "path": "detect_secrets.filters.heuristic.is_potential_uuid"
    },
    {
      "path": "detect_secrets.filters.heuristic.is_prefixed_with_dollar_sign"
    },
    {
      "path": "detect_secrets.filters.heuristic.is_sequential_string"
    },
    {
      "path": "detect_secrets.filters.heuristic.is_swagger_file"
    },
    {
      "path": "detect_secrets.filters.heuristic.is_templated_secret"
    }
  ],
  "results": {
    "services\\operational-guidance\\deploy\\staging\\staging.env.template": [
      {
        "type": "Secret Keyword",
        "filename": "services\\operational-guidance\\deploy\\staging\\staging.env.template",
        "hashed_secret": "83d4fb2d16223d627fc4d8f9588b968a6952f013",
        "is_verified": false,
        "line_number": 39
      },
      {
        "type": "Secret Keyword",
        "filename": "services\\operational-guidance\\deploy\\staging\\staging.env.template",
        "hashed_secret": "dee97dec87ef5fff8f2ae7189301a5da0789d27e",
        "is_verified": false,
        "line_number": 42
      },
      {
        "type": "Secret Keyword",
        "filename": "services\\operational-guidance\\deploy\\staging\\staging.env.template",
        "hashed_secret": "7d259d273b2a1b16fee7aa9f558ca29d6f455a89",
        "is_verified": false,
        "line_number": 44
      },
      {
        "type": "Secret Keyword",
        "filename": "services\\operational-guidance\\deploy\\staging\\staging.env.template",
        "hashed_secret": "1e52a0d417a57b1696695feccda3d814371ba613",
        "is_verified": false,
        "line_number": 47
      }
    ],
    "services\\platform-core\\app\\services\\commercial_integration.py": [
      {
        "type": "Hex High Entropy String",
        "filename": "services\\platform-core\\app\\services\\commercial_integration.py",
        "hashed_secret": "e2369aa6ed56a07752d85f6566b70c77f0a5b9cb",
        "is_verified": false,
        "line_number": 41
      }
    ],
    "services\\platform-core\\app\\static\\brand-assets\\manifest.json": [
      {
        "type": "Hex High Entropy String",
        "filename": "services\\platform-core\\app\\static\\brand-assets\\manifest.json",
        "hashed_secret": "071e02706af82930a4494bf82d7ef6848b9ab665",
        "is_verified": false,
        "line_number": 33
      },
      {
        "type": "Hex High Entropy String",
        "filename": "services\\platform-core\\app\\static\\brand-assets\\manifest.json",
        "hashed_secret": "aa548d83bec163bbb1e92fb58c745bc6f8361782",
        "is_verified": false,
        "line_number": 41
      },
      {
        "type": "Hex High Entropy String",
        "filename": "services\\platform-core\\app\\static\\brand-assets\\manifest.json",
        "hashed_secret": "3ba63fab4fa0a1beff665913383b685c1691c916",
        "is_verified": false,
        "line_number": 64
      },
      {
        "type": "Hex High Entropy String",
        "filename": "services\\platform-core\\app\\static\\brand-assets\\manifest.json",
        "hashed_secret": "5147b056306fd982041d7e4800b2638cba8da105",
        "is_verified": false,
        "line_number": 72
      },
      {
        "type": "Hex High Entropy String",
        "filename": "services\\platform-core\\app\\static\\brand-assets\\manifest.json",
        "hashed_secret": "3012f8a3899946b9f7e5ccc54cfe5f65d2bc0a86",
        "is_verified": false,
        "line_number": 94
      },
      {
        "type": "Hex High Entropy String",
        "filename": "services\\platform-core\\app\\static\\brand-assets\\manifest.json",
        "hashed_secret": "8a39416fc52148fca640d4d7632ef5203d3f41f6",
        "is_verified": false,
        "line_number": 102
      },
      {
        "type": "Hex High Entropy String",
        "filename": "services\\platform-core\\app\\static\\brand-assets\\manifest.json",
        "hashed_secret": "fa0a3b49796ef4443c4ac8c9e5c8aa9c62622834",
        "is_verified": false,
        "line_number": 110
      },
      {
        "type": "Hex High Entropy String",
        "filename": "services\\platform-core\\app\\static\\brand-assets\\manifest.json",
        "hashed_secret": "df97f2eed753469948abdb0b5bcffe90746f68b4",
        "is_verified": false,
        "line_number": 133
      },
      {
        "type": "Hex High Entropy String",
        "filename": "services\\platform-core\\app\\static\\brand-assets\\manifest.json",
        "hashed_secret": "15e371be7be25251ebccc32831894ca4df7f71a6",
        "is_verified": false,
        "line_number": 141
      },
      {
        "type": "Hex High Entropy String",
        "filename": "services\\platform-core\\app\\static\\brand-assets\\manifest.json",
        "hashed_secret": "4fb9c2a2478bf3648fa655f6ba9dcb21bc13e619",
        "is_verified": false,
        "line_number": 165
      },
      {
        "type": "Hex High Entropy String",
        "filename": "services\\platform-core\\app\\static\\brand-assets\\manifest.json",
        "hashed_secret": "c3e1abb957c5eeeb853ec2d434fa114b8852e194",
        "is_verified": false,
        "line_number": 189
      },
      {
        "type": "Hex High Entropy String",
        "filename": "services\\platform-core\\app\\static\\brand-assets\\manifest.json",
        "hashed_secret": "8288350547fec1ff95226f8d64197b3fa535dc58",
        "is_verified": false,
        "line_number": 197
      },
      {
        "type": "Hex High Entropy String",
        "filename": "services\\platform-core\\app\\static\\brand-assets\\manifest.json",
        "hashed_secret": "c80348f64d8e9057ce71939c4a7de4fc909c32b3",
        "is_verified": false,
        "line_number": 205
      },
      {
        "type": "Hex High Entropy String",
        "filename": "services\\platform-core\\app\\static\\brand-assets\\manifest.json",
        "hashed_secret": "90c382c717074252660301e725bcfc4d852c91a6",
        "is_verified": false,
        "line_number": 228
      },
      {
        "type": "Hex High Entropy String",
        "filename": "services\\platform-core\\app\\static\\brand-assets\\manifest.json",
        "hashed_secret": "cd3162d2cc0e02af253ebd7793fc0776804e7f94",
        "is_verified": false,
        "line_number": 236
      }
    ],
    "services\\platform-core\\docs\\CANONICAL_SOURCE_VERIFICATION_COMMERCIAL_V1.json": [
      {
        "type": "Hex High Entropy String",
        "filename": "services\\platform-core\\docs\\CANONICAL_SOURCE_VERIFICATION_COMMERCIAL_V1.json",
        "hashed_secret": "e2369aa6ed56a07752d85f6566b70c77f0a5b9cb",
        "is_verified": false,
        "line_number": 3
      },
      {
        "type": "Hex High Entropy String",
        "filename": "services\\platform-core\\docs\\CANONICAL_SOURCE_VERIFICATION_COMMERCIAL_V1.json",
        "hashed_secret": "d0480c5f15fb438ae3583c782a055839a4adb9a9",
        "is_verified": false,
        "line_number": 19
      },
      {
        "type": "Hex High Entropy String",
        "filename": "services\\platform-core\\docs\\CANONICAL_SOURCE_VERIFICATION_COMMERCIAL_V1.json",
        "hashed_secret": "dbdef5d132f259a939138f680bab6c950a0c0850",
        "is_verified": false,
        "line_number": 25
      },
      {
        "type": "Hex High Entropy String",
        "filename": "services\\platform-core\\docs\\CANONICAL_SOURCE_VERIFICATION_COMMERCIAL_V1.json",
        "hashed_secret": "c35d525fbe69db1334df8838bb2e8fbbafe10ce4",
        "is_verified": false,
        "line_number": 31
      },
      {
        "type": "Hex High Entropy String",
        "filename": "services\\platform-core\\docs\\CANONICAL_SOURCE_VERIFICATION_COMMERCIAL_V1.json",
        "hashed_secret": "2f8a69bdbe6798c207f5c733230c3f457c1c96ce",
        "is_verified": false,
        "line_number": 37
      },
      {
        "type": "Hex High Entropy String",
        "filename": "services\\platform-core\\docs\\CANONICAL_SOURCE_VERIFICATION_COMMERCIAL_V1.json",
        "hashed_secret": "854da8e77d1230f955da11c9c386f18dc1077c78",
        "is_verified": false,
        "line_number": 43
      },
      {
        "type": "Hex High Entropy String",
        "filename": "services\\platform-core\\docs\\CANONICAL_SOURCE_VERIFICATION_COMMERCIAL_V1.json",
        "hashed_secret": "9aaea87592ef36ce67a596607d82c5b9c995d0ff",
        "is_verified": false,
        "line_number": 49
      },
      {
        "type": "Hex High Entropy String",
        "filename": "services\\platform-core\\docs\\CANONICAL_SOURCE_VERIFICATION_COMMERCIAL_V1.json",
        "hashed_secret": "6a7d603f73fedbbd9893c8ccb40a93e555143abd",
        "is_verified": false,
        "line_number": 55
      },
      {
        "type": "Hex High Entropy String",
        "filename": "services\\platform-core\\docs\\CANONICAL_SOURCE_VERIFICATION_COMMERCIAL_V1.json",
        "hashed_secret": "08eb75cef18038d9cc879b856477197f53289e32",
        "is_verified": false,
        "line_number": 61
      },
      {
        "type": "Hex High Entropy String",
        "filename": "services\\platform-core\\docs\\CANONICAL_SOURCE_VERIFICATION_COMMERCIAL_V1.json",
        "hashed_secret": "98cf4f87e912630ee061b4c3e62ae87ecdaa67c1",
        "is_verified": false,
        "line_number": 67
      },
      {
        "type": "Hex High Entropy String",
        "filename": "services\\platform-core\\docs\\CANONICAL_SOURCE_VERIFICATION_COMMERCIAL_V1.json",
        "hashed_secret": "f9cf06166b74642a1816cf6c500589abf425cc22",
        "is_verified": false,
        "line_number": 73
      },
      {
        "type": "Hex High Entropy String",
        "filename": "services\\platform-core\\docs\\CANONICAL_SOURCE_VERIFICATION_COMMERCIAL_V1.json",
        "hashed_secret": "4b1ae5bda9e06550d5e4adc25e7a3db6800e7305",
        "is_verified": false,
        "line_number": 79
      },
      {
        "type": "Hex High Entropy String",
        "filename": "services\\platform-core\\docs\\CANONICAL_SOURCE_VERIFICATION_COMMERCIAL_V1.json",
        "hashed_secret": "1e18fefa4c1fe7907f0aeefea4b915c336dd70cd",
        "is_verified": false,
        "line_number": 91
      },
      {
        "type": "Hex High Entropy String",
        "filename": "services\\platform-core\\docs\\CANONICAL_SOURCE_VERIFICATION_COMMERCIAL_V1.json",
        "hashed_secret": "72b956b35d939edabd8b6ecc5aa784661eafd787",
        "is_verified": false,
        "line_number": 97
      },
      {
        "type": "Hex High Entropy String",
        "filename": "services\\platform-core\\docs\\CANONICAL_SOURCE_VERIFICATION_COMMERCIAL_V1.json",
        "hashed_secret": "ce78b6a94e4620d1207a7322232e92643610bbb5",
        "is_verified": false,
        "line_number": 103
      },
      {
        "type": "Hex High Entropy String",
        "filename": "services\\platform-core\\docs\\CANONICAL_SOURCE_VERIFICATION_COMMERCIAL_V1.json",
        "hashed_secret": "b6a3e92c0e0287c4f7b8e0b859464e4f2a16695f",
        "is_verified": false,
        "line_number": 109
      },
      {
        "type": "Hex High Entropy String",
        "filename": "services\\platform-core\\docs\\CANONICAL_SOURCE_VERIFICATION_COMMERCIAL_V1.json",
        "hashed_secret": "f431a19474d840d6afeca03e36fea4ffeb4e4420",
        "is_verified": false,
        "line_number": 115
      },
      {
        "type": "Hex High Entropy String",
        "filename": "services\\platform-core\\docs\\CANONICAL_SOURCE_VERIFICATION_COMMERCIAL_V1.json",
        "hashed_secret": "ce3cd64bd4a3738b95b5b77672237ab2214608ff",
        "is_verified": false,
        "line_number": 121
      },
      {
        "type": "Hex High Entropy String",
        "filename": "services\\platform-core\\docs\\CANONICAL_SOURCE_VERIFICATION_COMMERCIAL_V1.json",
        "hashed_secret": "a120c9e8c0320e06edc8640faab28e9b94a63a3e",
        "is_verified": false,
        "line_number": 127
      },
      {
        "type": "Hex High Entropy String",
        "filename": "services\\platform-core\\docs\\CANONICAL_SOURCE_VERIFICATION_COMMERCIAL_V1.json",
        "hashed_secret": "f0fbf80db9f1a1105491ac408944c29c6342fcb4",
        "is_verified": false,
        "line_number": 133
      },
      {
        "type": "Hex High Entropy String",
        "filename": "services\\platform-core\\docs\\CANONICAL_SOURCE_VERIFICATION_COMMERCIAL_V1.json",
        "hashed_secret": "2845d41904e98a9823af32966160ec599bce461a",
        "is_verified": false,
        "line_number": 139
      },
      {
        "type": "Hex High Entropy String",
        "filename": "services\\platform-core\\docs\\CANONICAL_SOURCE_VERIFICATION_COMMERCIAL_V1.json",
        "hashed_secret": "56814d932f60688c6cb891c81f6794a8bfa63bd9",
        "is_verified": false,
        "line_number": 145
      },
      {
        "type": "Hex High Entropy String",
        "filename": "services\\platform-core\\docs\\CANONICAL_SOURCE_VERIFICATION_COMMERCIAL_V1.json",
        "hashed_secret": "e6e0118cd3e0fb0ac2a98d011677c5ddc7d5615e",
        "is_verified": false,
        "line_number": 151
      },
      {
        "type": "Hex High Entropy String",
        "filename": "services\\platform-core\\docs\\CANONICAL_SOURCE_VERIFICATION_COMMERCIAL_V1.json",
        "hashed_secret": "271a94590c8feb5c1b6aea7d6ec0a955c0bac8ee",
        "is_verified": false,
        "line_number": 157
      },
      {
        "type": "Hex High Entropy String",
        "filename": "services\\platform-core\\docs\\CANONICAL_SOURCE_VERIFICATION_COMMERCIAL_V1.json",
        "hashed_secret": "542b15f59911524f665d2457afaebd9308155d6b",
        "is_verified": false,
        "line_number": 163
      },
      {
        "type": "Hex High Entropy String",
        "filename": "services\\platform-core\\docs\\CANONICAL_SOURCE_VERIFICATION_COMMERCIAL_V1.json",
        "hashed_secret": "1dee807cc6f7d6c5e0439c6a5a68bda05216cd7f",
        "is_verified": false,
        "line_number": 169
      },
      {
        "type": "Hex High Entropy String",
        "filename": "services\\platform-core\\docs\\CANONICAL_SOURCE_VERIFICATION_COMMERCIAL_V1.json",
        "hashed_secret": "2cc9912c2f3c7d9061bd923eefd85f5713529931",
        "is_verified": false,
        "line_number": 175
      },
      {
        "type": "Hex High Entropy String",
        "filename": "services\\platform-core\\docs\\CANONICAL_SOURCE_VERIFICATION_COMMERCIAL_V1.json",
        "hashed_secret": "39edfeaf782cc32702478594b43691a476d997e5",
        "is_verified": false,
        "line_number": 181
      },
      {
        "type": "Hex High Entropy String",
        "filename": "services\\platform-core\\docs\\CANONICAL_SOURCE_VERIFICATION_COMMERCIAL_V1.json",
        "hashed_secret": "4823daf24ed512295d1bd76ad1509f17d8a211d2",
        "is_verified": false,
        "line_number": 187
      },
      {
        "type": "Hex High Entropy String",
        "filename": "services\\platform-core\\docs\\CANONICAL_SOURCE_VERIFICATION_COMMERCIAL_V1.json",
        "hashed_secret": "00162207fbd93ac7719e4ece7a8799d525b71505",
        "is_verified": false,
        "line_number": 193
      },
      {
        "type": "Hex High Entropy String",
        "filename": "services\\platform-core\\docs\\CANONICAL_SOURCE_VERIFICATION_COMMERCIAL_V1.json",
        "hashed_secret": "5f5b87850c51eac07848b69a48a220a685d37dee",
        "is_verified": false,
        "line_number": 199
      },
      {
        "type": "Hex High Entropy String",
        "filename": "services\\platform-core\\docs\\CANONICAL_SOURCE_VERIFICATION_COMMERCIAL_V1.json",
        "hashed_secret": "eeee8b125b8e801171ebcca3794833554dc5cf96",
        "is_verified": false,
        "line_number": 205
      },
      {
        "type": "Hex High Entropy String",
        "filename": "services\\platform-core\\docs\\CANONICAL_SOURCE_VERIFICATION_COMMERCIAL_V1.json",
        "hashed_secret": "044dd57f094cee09650ff44112f32cef1b649497",
        "is_verified": false,
        "line_number": 217
      },
      {
        "type": "Hex High Entropy String",
        "filename": "services\\platform-core\\docs\\CANONICAL_SOURCE_VERIFICATION_COMMERCIAL_V1.json",
        "hashed_secret": "a76efa7fc6ad019f248d78706761e8e33670b8fc",
        "is_verified": false,
        "line_number": 223
      },
      {
        "type": "Hex High Entropy String",
        "filename": "services\\platform-core\\docs\\CANONICAL_SOURCE_VERIFICATION_COMMERCIAL_V1.json",
        "hashed_secret": "0e210bc92806e59ee17505469dfa2a9e1340f57c",
        "is_verified": false,
        "line_number": 229
      },
      {
        "type": "Hex High Entropy String",
        "filename": "services\\platform-core\\docs\\CANONICAL_SOURCE_VERIFICATION_COMMERCIAL_V1.json",
        "hashed_secret": "0fdd2c048e2cd42e9f8a798ee12978cd87e6e807",
        "is_verified": false,
        "line_number": 235
      },
      {
        "type": "Hex High Entropy String",
        "filename": "services\\platform-core\\docs\\CANONICAL_SOURCE_VERIFICATION_COMMERCIAL_V1.json",
        "hashed_secret": "8deade2c234cb28c831d615e1393e0e99c4d8193",
        "is_verified": false,
        "line_number": 241
      },
      {
        "type": "Hex High Entropy String",
        "filename": "services\\platform-core\\docs\\CANONICAL_SOURCE_VERIFICATION_COMMERCIAL_V1.json",
        "hashed_secret": "a13ab329ffff670290c3d65ab4e10b8bc66a1be9",
        "is_verified": false,
        "line_number": 253
      },
      {
        "type": "Hex High Entropy String",
        "filename": "services\\platform-core\\docs\\CANONICAL_SOURCE_VERIFICATION_COMMERCIAL_V1.json",
        "hashed_secret": "2df78dddd845195529c5f5322f30703be38b97a6",
        "is_verified": false,
        "line_number": 271
      },
      {
        "type": "Hex High Entropy String",
        "filename": "services\\platform-core\\docs\\CANONICAL_SOURCE_VERIFICATION_COMMERCIAL_V1.json",
        "hashed_secret": "e5f01f0fd9219c403f114fdeb4f9abf166979b22",
        "is_verified": false,
        "line_number": 277
      },
      {
        "type": "Hex High Entropy String",
        "filename": "services\\platform-core\\docs\\CANONICAL_SOURCE_VERIFICATION_COMMERCIAL_V1.json",
        "hashed_secret": "604b6a1f6c0a9083dee490fa91bf1ec70cd935bc",
        "is_verified": false,
        "line_number": 283
      },
      {
        "type": "Hex High Entropy String",
        "filename": "services\\platform-core\\docs\\CANONICAL_SOURCE_VERIFICATION_COMMERCIAL_V1.json",
        "hashed_secret": "8cd03cfb99c69283368cfbaec26fc3ee6c22c00f",
        "is_verified": false,
        "line_number": 289
      },
      {
        "type": "Hex High Entropy String",
        "filename": "services\\platform-core\\docs\\CANONICAL_SOURCE_VERIFICATION_COMMERCIAL_V1.json",
        "hashed_secret": "b2907e34ef4539a0b91dc74d7af9b9689a1eb366",
        "is_verified": false,
        "line_number": 295
      },
      {
        "type": "Hex High Entropy String",
        "filename": "services\\platform-core\\docs\\CANONICAL_SOURCE_VERIFICATION_COMMERCIAL_V1.json",
        "hashed_secret": "bf1d4050abe5c929ae92a9d124a60fc64a5e58ff",
        "is_verified": false,
        "line_number": 301
      },
      {
        "type": "Hex High Entropy String",
        "filename": "services\\platform-core\\docs\\CANONICAL_SOURCE_VERIFICATION_COMMERCIAL_V1.json",
        "hashed_secret": "d340ce40808f4a4467c981bd545482dfd26a8221",
        "is_verified": false,
        "line_number": 319
      },
      {
        "type": "Hex High Entropy String",
        "filename": "services\\platform-core\\docs\\CANONICAL_SOURCE_VERIFICATION_COMMERCIAL_V1.json",
        "hashed_secret": "51824b52c65aa4f71dff7c334ea9afb9b756931b",
        "is_verified": false,
        "line_number": 325
      },
      {
        "type": "Hex High Entropy String",
        "filename": "services\\platform-core\\docs\\CANONICAL_SOURCE_VERIFICATION_COMMERCIAL_V1.json",
        "hashed_secret": "133a75600cf1ea678bf7b64a889414970a67abff",
        "is_verified": false,
        "line_number": 331
      },
      {
        "type": "Hex High Entropy String",
        "filename": "services\\platform-core\\docs\\CANONICAL_SOURCE_VERIFICATION_COMMERCIAL_V1.json",
        "hashed_secret": "462f72497bc2154ccd776969f42d728111254bac",
        "is_verified": false,
        "line_number": 337
      },
      {
        "type": "Hex High Entropy String",
        "filename": "services\\platform-core\\docs\\CANONICAL_SOURCE_VERIFICATION_COMMERCIAL_V1.json",
        "hashed_secret": "1eb813a018f39b97035226302bb1d018eb5e6150",
        "is_verified": false,
        "line_number": 343
      },
      {
        "type": "Hex High Entropy String",
        "filename": "services\\platform-core\\docs\\CANONICAL_SOURCE_VERIFICATION_COMMERCIAL_V1.json",
        "hashed_secret": "ae8b5f3cb0236599ea7e50e708ddbaa93b624e97",
        "is_verified": false,
        "line_number": 349
      },
      {
        "type": "Hex High Entropy String",
        "filename": "services\\platform-core\\docs\\CANONICAL_SOURCE_VERIFICATION_COMMERCIAL_V1.json",
        "hashed_secret": "bb549c512dd2348a9fc67bc2cfb2b08004eb1769",
        "is_verified": false,
        "line_number": 355
      },
      {
        "type": "Hex High Entropy String",
        "filename": "services\\platform-core\\docs\\CANONICAL_SOURCE_VERIFICATION_COMMERCIAL_V1.json",
        "hashed_secret": "21d65dbec3f5606e90d980e4765f3ab2eb55b38d",
        "is_verified": false,
        "line_number": 373
      },
      {
        "type": "Hex High Entropy String",
        "filename": "services\\platform-core\\docs\\CANONICAL_SOURCE_VERIFICATION_COMMERCIAL_V1.json",
        "hashed_secret": "1af1a2b204565a08f43f739c25713e5cd740de09",
        "is_verified": false,
        "line_number": 379
      },
      {
        "type": "Hex High Entropy String",
        "filename": "services\\platform-core\\docs\\CANONICAL_SOURCE_VERIFICATION_COMMERCIAL_V1.json",
        "hashed_secret": "a445a334b51fb987566cb33dc1a776ce073cf62f",
        "is_verified": false,
        "line_number": 385
      },
      {
        "type": "Hex High Entropy String",
        "filename": "services\\platform-core\\docs\\CANONICAL_SOURCE_VERIFICATION_COMMERCIAL_V1.json",
        "hashed_secret": "2568ddb143e1b12a3a412bdfbca3dcd0a1a6f3b4",
        "is_verified": false,
        "line_number": 391
      },
      {
        "type": "Hex High Entropy String",
        "filename": "services\\platform-core\\docs\\CANONICAL_SOURCE_VERIFICATION_COMMERCIAL_V1.json",
        "hashed_secret": "ce4457cd5e91de7702a1b8e8509fb4ab0c7e1681",
        "is_verified": false,
        "line_number": 397
      },
      {
        "type": "Hex High Entropy String",
        "filename": "services\\platform-core\\docs\\CANONICAL_SOURCE_VERIFICATION_COMMERCIAL_V1.json",
        "hashed_secret": "3908a25f0b116ff52d07516845ab117f72d4ff2e",
        "is_verified": false,
        "line_number": 403
      },
      {
        "type": "Hex High Entropy String",
        "filename": "services\\platform-core\\docs\\CANONICAL_SOURCE_VERIFICATION_COMMERCIAL_V1.json",
        "hashed_secret": "eb6946756e186c8c35020bb3ca5e798cc46c9517",
        "is_verified": false,
        "line_number": 409
      },
      {
        "type": "Hex High Entropy String",
        "filename": "services\\platform-core\\docs\\CANONICAL_SOURCE_VERIFICATION_COMMERCIAL_V1.json",
        "hashed_secret": "a0bcb18374bbfd5f3245878a7f6677fe49c5b0ce",
        "is_verified": false,
        "line_number": 415
      },
      {
        "type": "Hex High Entropy String",
        "filename": "services\\platform-core\\docs\\CANONICAL_SOURCE_VERIFICATION_COMMERCIAL_V1.json",
        "hashed_secret": "7011dff9edbf3d7a5406a82234d94ed15d29770f",
        "is_verified": false,
        "line_number": 433
      }
    ],
    "services\\platform-core\\integrations\\contract_generator_v0_4\\config\\templates.json": [
      {
        "type": "Hex High Entropy String",
        "filename": "services\\platform-core\\integrations\\contract_generator_v0_4\\config\\templates.json",
        "hashed_secret": "f0fbf80db9f1a1105491ac408944c29c6342fcb4",
        "is_verified": false,
        "line_number": 5
      },
      {
        "type": "Hex High Entropy String",
        "filename": "services\\platform-core\\integrations\\contract_generator_v0_4\\config\\templates.json",
        "hashed_secret": "ce3cd64bd4a3738b95b5b77672237ab2214608ff",
        "is_verified": false,
        "line_number": 16
      },
      {
        "type": "Hex High Entropy String",
        "filename": "services\\platform-core\\integrations\\contract_generator_v0_4\\config\\templates.json",
        "hashed_secret": "a120c9e8c0320e06edc8640faab28e9b94a63a3e",
        "is_verified": false,
        "line_number": 27
      },
      {
        "type": "Hex High Entropy String",
        "filename": "services\\platform-core\\integrations\\contract_generator_v0_4\\config\\templates.json",
        "hashed_secret": "2845d41904e98a9823af32966160ec599bce461a",
        "is_verified": false,
        "line_number": 38
      },
      {
        "type": "Hex High Entropy String",
        "filename": "services\\platform-core\\integrations\\contract_generator_v0_4\\config\\templates.json",
        "hashed_secret": "56814d932f60688c6cb891c81f6794a8bfa63bd9",
        "is_verified": false,
        "line_number": 52
      }
    ],
    "services\\platform-core\\integrations\\contract_generator_v0_4\\sample_output\\customer_construction\\manifest.json": [
      {
        "type": "Hex High Entropy String",
        "filename": "services\\platform-core\\integrations\\contract_generator_v0_4\\sample_output\\customer_construction\\manifest.json",
        "hashed_secret": "ce3cd64bd4a3738b95b5b77672237ab2214608ff",
        "is_verified": false,
        "line_number": 9
      },
      {
        "type": "Hex High Entropy String",
        "filename": "services\\platform-core\\integrations\\contract_generator_v0_4\\sample_output\\customer_construction\\manifest.json",
        "hashed_secret": "0fdd2c048e2cd42e9f8a798ee12978cd87e6e807",
        "is_verified": false,
        "line_number": 214
      },
      {
        "type": "Hex High Entropy String",
        "filename": "services\\platform-core\\integrations\\contract_generator_v0_4\\sample_output\\customer_construction\\manifest.json",
        "hashed_secret": "8deade2c234cb28c831d615e1393e0e99c4d8193",
        "is_verified": false,
        "line_number": 218
      },
      {
        "type": "Hex High Entropy String",
        "filename": "services\\platform-core\\integrations\\contract_generator_v0_4\\sample_output\\customer_construction\\manifest.json",
        "hashed_secret": "5f5b87850c51eac07848b69a48a220a685d37dee",
        "is_verified": false,
        "line_number": 222
      }
    ],
    "services\\platform-core\\integrations\\contract_generator_v0_4\\sample_output\\customer_construction_run.json": [
      {
        "type": "Hex High Entropy String",
        "filename": "services\\platform-core\\integrations\\contract_generator_v0_4\\sample_output\\customer_construction_run.json",
        "hashed_secret": "ce3cd64bd4a3738b95b5b77672237ab2214608ff",
        "is_verified": false,
        "line_number": 12
      },
      {
        "type": "Hex High Entropy String",
        "filename": "services\\platform-core\\integrations\\contract_generator_v0_4\\sample_output\\customer_construction_run.json",
        "hashed_secret": "0fdd2c048e2cd42e9f8a798ee12978cd87e6e807",
        "is_verified": false,
        "line_number": 217
      },
      {
        "type": "Hex High Entropy String",
        "filename": "services\\platform-core\\integrations\\contract_generator_v0_4\\sample_output\\customer_construction_run.json",
        "hashed_secret": "8deade2c234cb28c831d615e1393e0e99c4d8193",
        "is_verified": false,
        "line_number": 221
      },
      {
        "type": "Hex High Entropy String",
        "filename": "services\\platform-core\\integrations\\contract_generator_v0_4\\sample_output\\customer_construction_run.json",
        "hashed_secret": "5f5b87850c51eac07848b69a48a220a685d37dee",
        "is_verified": false,
        "line_number": 225
      }
    ],
    "services\\platform-core\\integrations\\contract_generator_v0_4\\sample_output\\customer_design_execution_plans\\manifest.json": [
      {
        "type": "Hex High Entropy String",
        "filename": "services\\platform-core\\integrations\\contract_generator_v0_4\\sample_output\\customer_design_execution_plans\\manifest.json",
        "hashed_secret": "a120c9e8c0320e06edc8640faab28e9b94a63a3e",
        "is_verified": false,
        "line_number": 9
      },
      {
        "type": "Hex High Entropy String",
        "filename": "services\\platform-core\\integrations\\contract_generator_v0_4\\sample_output\\customer_design_execution_plans\\manifest.json",
        "hashed_secret": "604b6a1f6c0a9083dee490fa91bf1ec70cd935bc",
        "is_verified": false,
        "line_number": 139
      },
      {
        "type": "Hex High Entropy String",
        "filename": "services\\platform-core\\integrations\\contract_generator_v0_4\\sample_output\\customer_design_execution_plans\\manifest.json",
        "hashed_secret": "8cd03cfb99c69283368cfbaec26fc3ee6c22c00f",
        "is_verified": false,
        "line_number": 143
      },
      {
        "type": "Hex High Entropy String",
        "filename": "services\\platform-core\\integrations\\contract_generator_v0_4\\sample_output\\customer_design_execution_plans\\manifest.json",
        "hashed_secret": "b2907e34ef4539a0b91dc74d7af9b9689a1eb366",
        "is_verified": false,
        "line_number": 147
      }
    ],
    "services\\platform-core\\integrations\\contract_generator_v0_4\\sample_output\\customer_design_execution_plans_run.json": [
      {
        "type": "Hex High Entropy String",
        "filename": "services\\platform-core\\integrations\\contract_generator_v0_4\\sample_output\\customer_design_execution_plans_run.json",
        "hashed_secret": "a120c9e8c0320e06edc8640faab28e9b94a63a3e",
        "is_verified": false,
        "line_number": 12
      },
      {
        "type": "Hex High Entropy String",
        "filename": "services\\platform-core\\integrations\\contract_generator_v0_4\\sample_output\\customer_design_execution_plans_run.json",
        "hashed_secret": "604b6a1f6c0a9083dee490fa91bf1ec70cd935bc",
        "is_verified": false,
        "line_number": 142
      },
      {
        "type": "Hex High Entropy String",
        "filename": "services\\platform-core\\integrations\\contract_generator_v0_4\\sample_output\\customer_design_execution_plans_run.json",
        "hashed_secret": "8cd03cfb99c69283368cfbaec26fc3ee6c22c00f",
        "is_verified": false,
        "line_number": 146
      },
      {
        "type": "Hex High Entropy String",
        "filename": "services\\platform-core\\integrations\\contract_generator_v0_4\\sample_output\\customer_design_execution_plans_run.json",
        "hashed_secret": "b2907e34ef4539a0b91dc74d7af9b9689a1eb366",
        "is_verified": false,
        "line_number": 150
      }
    ],
    "services\\platform-core\\integrations\\contract_generator_v0_4\\sample_output\\customer_type_house_design_build\\manifest.json": [
      {
        "type": "Hex High Entropy String",
        "filename": "services\\platform-core\\integrations\\contract_generator_v0_4\\sample_output\\customer_type_house_design_build\\manifest.json",
        "hashed_secret": "f0fbf80db9f1a1105491ac408944c29c6342fcb4",
        "is_verified": false,
        "line_number": 9
      },
      {
        "type": "Hex High Entropy String",
        "filename": "services\\platform-core\\integrations\\contract_generator_v0_4\\sample_output\\customer_type_house_design_build\\manifest.json",
        "hashed_secret": "4823daf24ed512295d1bd76ad1509f17d8a211d2",
        "is_verified": false,
        "line_number": 209
      },
      {
        "type": "Hex High Entropy String",
        "filename": "services\\platform-core\\integrations\\contract_generator_v0_4\\sample_output\\customer_type_house_design_build\\manifest.json",
        "hashed_secret": "00162207fbd93ac7719e4ece7a8799d525b71505",
        "is_verified": false,
        "line_number": 213
      },
      {
        "type": "Hex High Entropy String",
        "filename": "services\\platform-core\\integrations\\contract_generator_v0_4\\sample_output\\customer_type_house_design_build\\manifest.json",
        "hashed_secret": "5f5b87850c51eac07848b69a48a220a685d37dee",
        "is_verified": false,
        "line_number": 217
      }
    ],
    "services\\platform-core\\integrations\\contract_generator_v0_4\\sample_output\\customer_type_house_design_build_run.json": [
      {
        "type": "Hex High Entropy String",
        "filename": "services\\platform-core\\integrations\\contract_generator_v0_4\\sample_output\\customer_type_house_design_build_run.json",
        "hashed_secret": "f0fbf80db9f1a1105491ac408944c29c6342fcb4",
        "is_verified": false,
        "line_number": 12
      },
      {
        "type": "Hex High Entropy String",
        "filename": "services\\platform-core\\integrations\\contract_generator_v0_4\\sample_output\\customer_type_house_design_build_run.json",
        "hashed_secret": "4823daf24ed512295d1bd76ad1509f17d8a211d2",
        "is_verified": false,
        "line_number": 212
      },
      {
        "type": "Hex High Entropy String",
        "filename": "services\\platform-core\\integrations\\contract_generator_v0_4\\sample_output\\customer_type_house_design_build_run.json",
        "hashed_secret": "00162207fbd93ac7719e4ece7a8799d525b71505",
        "is_verified": false,
        "line_number": 216
      },
      {
        "type": "Hex High Entropy String",
        "filename": "services\\platform-core\\integrations\\contract_generator_v0_4\\sample_output\\customer_type_house_design_build_run.json",
        "hashed_secret": "5f5b87850c51eac07848b69a48a220a685d37dee",
        "is_verified": false,
        "line_number": 220
      }
    ],
    "services\\platform-core\\integrations\\contract_generator_v0_4\\sample_output\\subcontractor_design\\manifest.json": [
      {
        "type": "Hex High Entropy String",
        "filename": "services\\platform-core\\integrations\\contract_generator_v0_4\\sample_output\\subcontractor_design\\manifest.json",
        "hashed_secret": "2845d41904e98a9823af32966160ec599bce461a",
        "is_verified": false,
        "line_number": 9
      },
      {
        "type": "Hex High Entropy String",
        "filename": "services\\platform-core\\integrations\\contract_generator_v0_4\\sample_output\\subcontractor_design\\manifest.json",
        "hashed_secret": "ce4457cd5e91de7702a1b8e8509fb4ab0c7e1681",
        "is_verified": false,
        "line_number": 195
      },
      {
        "type": "Hex High Entropy String",
        "filename": "services\\platform-core\\integrations\\contract_generator_v0_4\\sample_output\\subcontractor_design\\manifest.json",
        "hashed_secret": "3908a25f0b116ff52d07516845ab117f72d4ff2e",
        "is_verified": false,
        "line_number": 199
      },
      {
        "type": "Hex High Entropy String",
        "filename": "services\\platform-core\\integrations\\contract_generator_v0_4\\sample_output\\subcontractor_design\\manifest.json",
        "hashed_secret": "eb6946756e186c8c35020bb3ca5e798cc46c9517",
        "is_verified": false,
        "line_number": 203
      }
    ],
    "services\\platform-core\\integrations\\contract_generator_v0_4\\sample_output\\subcontractor_design_run.json": [
      {
        "type": "Hex High Entropy String",
        "filename": "services\\platform-core\\integrations\\contract_generator_v0_4\\sample_output\\subcontractor_design_run.json",
        "hashed_secret": "2845d41904e98a9823af32966160ec599bce461a",
        "is_verified": false,
        "line_number": 12
      },
      {
        "type": "Hex High Entropy String",
        "filename": "services\\platform-core\\integrations\\contract_generator_v0_4\\sample_output\\subcontractor_design_run.json",
        "hashed_secret": "ce4457cd5e91de7702a1b8e8509fb4ab0c7e1681",
        "is_verified": false,
        "line_number": 198
      },
      {
        "type": "Hex High Entropy String",
        "filename": "services\\platform-core\\integrations\\contract_generator_v0_4\\sample_output\\subcontractor_design_run.json",
        "hashed_secret": "3908a25f0b116ff52d07516845ab117f72d4ff2e",
        "is_verified": false,
        "line_number": 202
      },
      {
        "type": "Hex High Entropy String",
        "filename": "services\\platform-core\\integrations\\contract_generator_v0_4\\sample_output\\subcontractor_design_run.json",
        "hashed_secret": "eb6946756e186c8c35020bb3ca5e798cc46c9517",
        "is_verified": false,
        "line_number": 206
      }
    ],
    "services\\platform-core\\integrations\\contract_generator_v0_4\\sample_output\\subcontractor_execution\\manifest.json": [
      {
        "type": "Hex High Entropy String",
        "filename": "services\\platform-core\\integrations\\contract_generator_v0_4\\sample_output\\subcontractor_execution\\manifest.json",
        "hashed_secret": "56814d932f60688c6cb891c81f6794a8bfa63bd9",
        "is_verified": false,
        "line_number": 9
      },
      {
        "type": "Hex High Entropy String",
        "filename": "services\\platform-core\\integrations\\contract_generator_v0_4\\sample_output\\subcontractor_execution\\manifest.json",
        "hashed_secret": "133a75600cf1ea678bf7b64a889414970a67abff",
        "is_verified": false,
        "line_number": 240
      },
      {
        "type": "Hex High Entropy String",
        "filename": "services\\platform-core\\integrations\\contract_generator_v0_4\\sample_output\\subcontractor_execution\\manifest.json",
        "hashed_secret": "462f72497bc2154ccd776969f42d728111254bac",
        "is_verified": false,
        "line_number": 244
      },
      {
        "type": "Hex High Entropy String",
        "filename": "services\\platform-core\\integrations\\contract_generator_v0_4\\sample_output\\subcontractor_execution\\manifest.json",
        "hashed_secret": "1eb813a018f39b97035226302bb1d018eb5e6150",
        "is_verified": false,
        "line_number": 248
      },
      {
        "type": "Hex High Entropy String",
        "filename": "services\\platform-core\\integrations\\contract_generator_v0_4\\sample_output\\subcontractor_execution\\manifest.json",
        "hashed_secret": "ae8b5f3cb0236599ea7e50e708ddbaa93b624e97",
        "is_verified": false,
        "line_number": 252
      }
    ],
    "services\\platform-core\\integrations\\contract_generator_v0_4\\sample_output\\subcontractor_execution_run.json": [
      {
        "type": "Hex High Entropy String",
        "filename": "services\\platform-core\\integrations\\contract_generator_v0_4\\sample_output\\subcontractor_execution_run.json",
        "hashed_secret": "56814d932f60688c6cb891c81f6794a8bfa63bd9",
        "is_verified": false,
        "line_number": 12
      },
      {
        "type": "Hex High Entropy String",
        "filename": "services\\platform-core\\integrations\\contract_generator_v0_4\\sample_output\\subcontractor_execution_run.json",
        "hashed_secret": "133a75600cf1ea678bf7b64a889414970a67abff",
        "is_verified": false,
        "line_number": 243
      },
      {
        "type": "Hex High Entropy String",
        "filename": "services\\platform-core\\integrations\\contract_generator_v0_4\\sample_output\\subcontractor_execution_run.json",
        "hashed_secret": "462f72497bc2154ccd776969f42d728111254bac",
        "is_verified": false,
        "line_number": 247
      },
      {
        "type": "Hex High Entropy String",
        "filename": "services\\platform-core\\integrations\\contract_generator_v0_4\\sample_output\\subcontractor_execution_run.json",
        "hashed_secret": "1eb813a018f39b97035226302bb1d018eb5e6150",
        "is_verified": false,
        "line_number": 251
      },
      {
        "type": "Hex High Entropy String",
        "filename": "services\\platform-core\\integrations\\contract_generator_v0_4\\sample_output\\subcontractor_execution_run.json",
        "hashed_secret": "ae8b5f3cb0236599ea7e50e708ddbaa93b624e97",
        "is_verified": false,
        "line_number": 255
      }
    ],
    "services\\platform-core\\tests\\conftest.py": [
      {
        "type": "Base64 High Entropy String",
        "filename": "services\\platform-core\\tests\\conftest.py",
        "hashed_secret": "adcd2870acf9254135942706427211122f5e1fb2",
        "is_verified": false,
        "line_number": 59
      },
      {
        "type": "Base64 High Entropy String",
        "filename": "services\\platform-core\\tests\\conftest.py",
        "hashed_secret": "aa8a26f0b9f255db010befb6bd5a6199135d2bb8",
        "is_verified": false,
        "line_number": 62
      },
      {
        "type": "Secret Keyword",
        "filename": "services\\platform-core\\tests\\conftest.py",
        "hashed_secret": "52e7f1fddec29b0ad857f2d28f705444df8d58b1",
        "is_verified": false,
        "line_number": 112
      }
    ],
    "services\\platform-core\\tests\\copy_gate_fixtures.py": [
      {
        "type": "Secret Keyword",
        "filename": "services\\platform-core\\tests\\copy_gate_fixtures.py",
        "hashed_secret": "e16611894e08feb18f72c34e418c6402374fe7d9",
        "is_verified": false,
        "line_number": 311
      },
      {
        "type": "Secret Keyword",
        "filename": "services\\platform-core\\tests\\copy_gate_fixtures.py",
        "hashed_secret": "0dd4a6a0cc6b522b22a4b7bc929b73f053f61363",
        "is_verified": false,
        "line_number": 328
      }
    ],
    "services\\platform-core\\tests\\test_answer_center.py": [
      {
        "type": "Secret Keyword",
        "filename": "services\\platform-core\\tests\\test_answer_center.py",
        "hashed_secret": "52e7f1fddec29b0ad857f2d28f705444df8d58b1",
        "is_verified": false,
        "line_number": 195
      }
    ],
    "services\\platform-core\\tests\\test_b2b_project_intake.py": [
      {
        "type": "Secret Keyword",
        "filename": "services\\platform-core\\tests\\test_b2b_project_intake.py",
        "hashed_secret": "52e7f1fddec29b0ad857f2d28f705444df8d58b1",
        "is_verified": false,
        "line_number": 141
      }
    ],
    "services\\platform-core\\tests\\test_buildconfig_engine.py": [
      {
        "type": "Secret Keyword",
        "filename": "services\\platform-core\\tests\\test_buildconfig_engine.py",
        "hashed_secret": "52e7f1fddec29b0ad857f2d28f705444df8d58b1",
        "is_verified": false,
        "line_number": 227
      }
    ],
    "services\\platform-core\\tests\\test_change_control_business.py": [
      {
        "type": "Secret Keyword",
        "filename": "services\\platform-core\\tests\\test_change_control_business.py",
        "hashed_secret": "52e7f1fddec29b0ad857f2d28f705444df8d58b1",
        "is_verified": false,
        "line_number": 130
      }
    ],
    "services\\platform-core\\tests\\test_commercial_integration.py": [
      {
        "type": "Secret Keyword",
        "filename": "services\\platform-core\\tests\\test_commercial_integration.py",
        "hashed_secret": "52e7f1fddec29b0ad857f2d28f705444df8d58b1",
        "is_verified": false,
        "line_number": 180
      },
      {
        "type": "Hex High Entropy String",
        "filename": "services\\platform-core\\tests\\test_commercial_integration.py",
        "hashed_secret": "e2369aa6ed56a07752d85f6566b70c77f0a5b9cb",
        "is_verified": false,
        "line_number": 248
      }
    ],
    "services\\platform-core\\tests\\test_communications.py": [
      {
        "type": "Secret Keyword",
        "filename": "services\\platform-core\\tests\\test_communications.py",
        "hashed_secret": "52e7f1fddec29b0ad857f2d28f705444df8d58b1",
        "is_verified": false,
        "line_number": 13
      }
    ],
    "services\\platform-core\\tests\\test_contract_workflow.py": [
      {
        "type": "Secret Keyword",
        "filename": "services\\platform-core\\tests\\test_contract_workflow.py",
        "hashed_secret": "52e7f1fddec29b0ad857f2d28f705444df8d58b1",
        "is_verified": false,
        "line_number": 241
      }
    ],
    "services\\platform-core\\tests\\test_dpm_gateway.py": [
      {
        "type": "Secret Keyword",
        "filename": "services\\platform-core\\tests\\test_dpm_gateway.py",
        "hashed_secret": "c1727b4d26f22cf7434adbc59188fc04e4e89ea8",
        "is_verified": false,
        "line_number": 22
      },
      {
        "type": "Secret Keyword",
        "filename": "services\\platform-core\\tests\\test_dpm_gateway.py",
        "hashed_secret": "a84b58b6d173cc85b0bbe08b5cafcceae838f63d",
        "is_verified": false,
        "line_number": 52
      }
    ],
    "services\\platform-core\\tests\\test_engineering_workspace_lifecycle.py": [
      {
        "type": "Secret Keyword",
        "filename": "services\\platform-core\\tests\\test_engineering_workspace_lifecycle.py",
        "hashed_secret": "52e7f1fddec29b0ad857f2d28f705444df8d58b1",
        "is_verified": false,
        "line_number": 293
      }
    ],
    "services\\platform-core\\tests\\test_executive_decisions.py": [
      {
        "type": "Secret Keyword",
        "filename": "services\\platform-core\\tests\\test_executive_decisions.py",
        "hashed_secret": "52e7f1fddec29b0ad857f2d28f705444df8d58b1",
        "is_verified": false,
        "line_number": 6
      }
    ],
    "services\\platform-core\\tests\\test_financial_allocations.py": [
      {
        "type": "Secret Keyword",
        "filename": "services\\platform-core\\tests\\test_financial_allocations.py",
        "hashed_secret": "52e7f1fddec29b0ad857f2d28f705444df8d58b1",
        "is_verified": false,
        "line_number": 153
      }
    ],
    "services\\platform-core\\tests\\test_governance_workspace.py": [
      {
        "type": "Secret Keyword",
        "filename": "services\\platform-core\\tests\\test_governance_workspace.py",
        "hashed_secret": "52e7f1fddec29b0ad857f2d28f705444df8d58b1",
        "is_verified": false,
        "line_number": 6
      },
      {
        "type": "Base64 High Entropy String",
        "filename": "services\\platform-core\\tests\\test_governance_workspace.py",
        "hashed_secret": "b95b3036ab5b101da540ab8ea06ad86492b6fe85",
        "is_verified": false,
        "line_number": 93
      }
    ],
    "services\\platform-core\\tests\\test_house_batch.py": [
      {
        "type": "Secret Keyword",
        "filename": "services\\platform-core\\tests\\test_house_batch.py",
        "hashed_secret": "cae864340df9f921b00bb7038f3b1b9afa2f5e14",
        "is_verified": false,
        "line_number": 23
      }
    ],
    "services\\platform-core\\tests\\test_house_catalog_lifecycle.py": [
      {
        "type": "Secret Keyword",
        "filename": "services\\platform-core\\tests\\test_house_catalog_lifecycle.py",
        "hashed_secret": "52e7f1fddec29b0ad857f2d28f705444df8d58b1",
        "is_verified": false,
        "line_number": 161
      }
    ],
    "services\\platform-core\\tests\\test_house_designer_api.py": [
      {
        "type": "Secret Keyword",
        "filename": "services\\platform-core\\tests\\test_house_designer_api.py",
        "hashed_secret": "52e7f1fddec29b0ad857f2d28f705444df8d58b1",
        "is_verified": false,
        "line_number": 20
      }
    ],
    "services\\platform-core\\tests\\test_house_designer_guest.py": [
      {
        "type": "Secret Keyword",
        "filename": "services\\platform-core\\tests\\test_house_designer_guest.py",
        "hashed_secret": "52e7f1fddec29b0ad857f2d28f705444df8d58b1",
        "is_verified": false,
        "line_number": 299
      }
    ],
    "services\\platform-core\\tests\\test_house_plan_execution.py": [
      {
        "type": "Secret Keyword",
        "filename": "services\\platform-core\\tests\\test_house_plan_execution.py",
        "hashed_secret": "4a204f90c8cc6e15ede6430040016aebd9ec8e3a",
        "is_verified": false,
        "line_number": 170
      },
      {
        "type": "Secret Keyword",
        "filename": "services\\platform-core\\tests\\test_house_plan_execution.py",
        "hashed_secret": "89537da882cd44fe030afe5ec9f8b9350429461d",
        "is_verified": false,
        "line_number": 271
      }
    ],
    "services\\platform-core\\tests\\test_house_studio_routes.py": [
      {
        "type": "Secret Keyword",
        "filename": "services\\platform-core\\tests\\test_house_studio_routes.py",
        "hashed_secret": "52e7f1fddec29b0ad857f2d28f705444df8d58b1",
        "is_verified": false,
        "line_number": 192
      }
    ],
    "services\\platform-core\\tests\\test_housebuild_engine.py": [
      {
        "type": "Secret Keyword",
        "filename": "services\\platform-core\\tests\\test_housebuild_engine.py",
        "hashed_secret": "52e7f1fddec29b0ad857f2d28f705444df8d58b1",
        "is_verified": false,
        "line_number": 229
      }
    ],
    "services\\platform-core\\tests\\test_housevision_production.py": [
      {
        "type": "Secret Keyword",
        "filename": "services\\platform-core\\tests\\test_housevision_production.py",
        "hashed_secret": "52e7f1fddec29b0ad857f2d28f705444df8d58b1",
        "is_verified": false,
        "line_number": 314
      }
    ],
    "services\\platform-core\\tests\\test_market_intelligence.py": [
      {
        "type": "Secret Keyword",
        "filename": "services\\platform-core\\tests\\test_market_intelligence.py",
        "hashed_secret": "902f284b1a1bb921f59dabaeed0aad9d46664557",
        "is_verified": false,
        "line_number": 1145
      }
    ],
    "services\\platform-core\\tests\\test_market_service_api.py": [
      {
        "type": "Base64 High Entropy String",
        "filename": "services\\platform-core\\tests\\test_market_service_api.py",
        "hashed_secret": "a91be1dacb7bb374e8cf47b553eddca4cb2b2177",
        "is_verified": false,
        "line_number": 111
      }
    ],
    "services\\platform-core\\tests\\test_marketing_lead_automation.py": [
      {
        "type": "Secret Keyword",
        "filename": "services\\platform-core\\tests\\test_marketing_lead_automation.py",
        "hashed_secret": "52e7f1fddec29b0ad857f2d28f705444df8d58b1",
        "is_verified": false,
        "line_number": 429
      }
    ],
    "services\\platform-core\\tests\\test_marketing_workspace.py": [
      {
        "type": "Secret Keyword",
        "filename": "services\\platform-core\\tests\\test_marketing_workspace.py",
        "hashed_secret": "52e7f1fddec29b0ad857f2d28f705444df8d58b1",
        "is_verified": false,
        "line_number": 32
      }
    ],
    "services\\platform-core\\tests\\test_my_imperial_project_portal.py": [
      {
        "type": "Secret Keyword",
        "filename": "services\\platform-core\\tests\\test_my_imperial_project_portal.py",
        "hashed_secret": "52e7f1fddec29b0ad857f2d28f705444df8d58b1",
        "is_verified": false,
        "line_number": 19
      }
    ],
    "services\\platform-core\\tests\\test_operations.py": [
      {
        "type": "Secret Keyword",
        "filename": "services\\platform-core\\tests\\test_operations.py",
        "hashed_secret": "52e7f1fddec29b0ad857f2d28f705444df8d58b1",
        "is_verified": false,
        "line_number": 201
      }
    ],
    "services\\platform-core\\tests\\test_partner_control.py": [
      {
        "type": "Secret Keyword",
        "filename": "services\\platform-core\\tests\\test_partner_control.py",
        "hashed_secret": "52e7f1fddec29b0ad857f2d28f705444df8d58b1",
        "is_verified": false,
        "line_number": 383
      }
    ],
    "services\\platform-core\\tests\\test_plotcheck_engine.py": [
      {
        "type": "Secret Keyword",
        "filename": "services\\platform-core\\tests\\test_plotcheck_engine.py",
        "hashed_secret": "52e7f1fddec29b0ad857f2d28f705444df8d58b1",
        "is_verified": false,
        "line_number": 246
      }
    ],
    "services\\platform-core\\tests\\test_project_control_lifecycle.py": [
      {
        "type": "Secret Keyword",
        "filename": "services\\platform-core\\tests\\test_project_control_lifecycle.py",
        "hashed_secret": "52e7f1fddec29b0ad857f2d28f705444df8d58b1",
        "is_verified": false,
        "line_number": 120
      }
    ],
    "services\\platform-core\\tests\\test_project_finance.py": [
      {
        "type": "Secret Keyword",
        "filename": "services\\platform-core\\tests\\test_project_finance.py",
        "hashed_secret": "52e7f1fddec29b0ad857f2d28f705444df8d58b1",
        "is_verified": false,
        "line_number": 281
      }
    ],
    "services\\platform-core\\tests\\test_regulatory_admin.py": [
      {
        "type": "Secret Keyword",
        "filename": "services\\platform-core\\tests\\test_regulatory_admin.py",
        "hashed_secret": "52e7f1fddec29b0ad857f2d28f705444df8d58b1",
        "is_verified": false,
        "line_number": 79
      }
    ],
    "services\\platform-core\\tests\\test_role_access.py": [
      {
        "type": "Secret Keyword",
        "filename": "services\\platform-core\\tests\\test_role_access.py",
        "hashed_secret": "52e7f1fddec29b0ad857f2d28f705444df8d58b1",
        "is_verified": false,
        "line_number": 11
      }
    ],
    "services\\platform-core\\tests\\test_sales_pipeline.py": [
      {
        "type": "Secret Keyword",
        "filename": "services\\platform-core\\tests\\test_sales_pipeline.py",
        "hashed_secret": "52e7f1fddec29b0ad857f2d28f705444df8d58b1",
        "is_verified": false,
        "line_number": 341
      }
    ],
    "services\\platform-core\\tests\\test_security.py": [
      {
        "type": "Secret Keyword",
        "filename": "services\\platform-core\\tests\\test_security.py",
        "hashed_secret": "a0f4ea7d91495df92bbac2e2149dfb850fe81396",
        "is_verified": false,
        "line_number": 9
      },
      {
        "type": "Base64 High Entropy String",
        "filename": "services\\platform-core\\tests\\test_security.py",
        "hashed_secret": "adcd2870acf9254135942706427211122f5e1fb2",
        "is_verified": false,
        "line_number": 105
      },
      {
        "type": "Secret Keyword",
        "filename": "services\\platform-core\\tests\\test_security.py",
        "hashed_secret": "52e7f1fddec29b0ad857f2d28f705444df8d58b1",
        "is_verified": false,
        "line_number": 126
      }
    ],
    "services\\platform-core\\tests\\test_user_administration.py": [
      {
        "type": "Secret Keyword",
        "filename": "services\\platform-core\\tests\\test_user_administration.py",
        "hashed_secret": "52e7f1fddec29b0ad857f2d28f705444df8d58b1",
        "is_verified": false,
        "line_number": 6
      },
      {
        "type": "Secret Keyword",
        "filename": "services\\platform-core\\tests\\test_user_administration.py",
        "hashed_secret": "29bf489b0525ad21329a11da117e787d43fce05e",
        "is_verified": false,
        "line_number": 21
      },
      {
        "type": "Secret Keyword",
        "filename": "services\\platform-core\\tests\\test_user_administration.py",
        "hashed_secret": "09f4e29f04a9ae8d0bedb389bb23327effde78ae",
        "is_verified": false,
        "line_number": 41
      },
      {
        "type": "Secret Keyword",
        "filename": "services\\platform-core\\tests\\test_user_administration.py",
        "hashed_secret": "aa102628b93289c407ca72ff8134e5f66672a668",
        "is_verified": false,
        "line_number": 63
      }
    ],
    "services\\platform-core\\tests\\test_website_content_control.py": [
      {
        "type": "Basic Auth Credentials",
        "filename": "services\\platform-core\\tests\\test_website_content_control.py",
        "hashed_secret": "e5e9fa1ba31ecd1ae84f75caaa474f3a663f05f4",
        "is_verified": false,
        "line_number": 290
      }
    ]
  },
  "generated_at": "2026-08-15T10:25:43Z"
}
